IQ-TREE multicore version 2.0.3 for Linux 64-bit built Dec 20 2020
Developed by Bui Quang Minh, Nguyen Lam Tung, Olga Chernomor,
Heiko Schmidt, Dominik Schrempf, Michael Woodhams.

Host:    alpha2.cvr.gla.ac.uk (AVX512, FMA3, 4031 GB RAM)
Command: iqtree -s AM5_nucloeprotein_aln.fa -m GTR+G -bb 1000 -alrt 1000 -o KF154998 -nt 2
Seed:    81092 (Using SPRNG - Scalable Parallel Random Number Generator)
Time:    Fri Apr 24 23:43:02 2026
Kernel:  AVX+FMA - 2 threads (224 CPU cores detected)

Reading alignment file AM5_nucloeprotein_aln.fa ... Fasta format detected
Alignment most likely contains DNA/RNA sequences
Alignment has 361 sequences with 1353 columns, 373 distinct patterns
152 parsimony-informative, 155 singleton sites, 1046 constant sites
           Gap/Ambiguity  Composition  p-value
   1  KF154998     0.00%    passed     80.83%
   2  MK956101     0.22%    passed     97.98%
   3  KF831564    59.87%    passed     87.67%
   4  AY340705    80.34%    passed     84.37%
   5  OL451932     0.30%    passed     94.93%
   6  AY340758    80.34%    passed     90.07%
   7  PP965367     0.07%    passed     97.51%
   8  AY340746    80.34%    passed     84.10%
   9  AY340768    80.34%    passed     94.04%
  10  AY340773    80.34%    passed     83.61%
  11  AY340706    80.34%    passed     88.56%
  12  AY233420    80.34%    passed     70.08%
  13  AY233422    80.34%    passed     70.08%
  14  AY340715    80.49%    passed     72.42%
  15  OL451928     0.07%    passed     97.33%
  16  KU938752     0.00%    passed     97.72%
  17  AY233423    80.34%    passed     61.44%
  18  KU938829     0.00%    passed     94.24%
  19  OL451924     0.07%    passed     98.16%
  20  AY233412    80.34%    passed     69.77%
  21  OL451927     0.07%    passed     97.33%
  22  AY340742    80.34%    passed     89.08%
  23  AY340722    80.34%    passed     94.21%
  24  AY340781    80.34%    passed     67.88%
  25  MK956097     0.22%    passed     96.03%
  26  EU530719    80.49%    passed     87.76%
  27  PV857574    64.75%    passed     81.12%
  28  AY340720    80.34%    passed     88.29%
  29  AY340736    80.34%    passed     77.42%
  30  AY340709    80.34%    passed     83.28%
  31  AY340743    80.34%    passed     90.07%
  32  OL451920     0.07%    passed     98.16%
  33  AY340714    80.49%    passed     62.93%
  34  EU530700    80.49%    passed     87.76%
  35  OL451918     0.07%    passed     97.87%
  36  EU530699    80.49%    passed     87.34%
  37  AY340776    80.34%    passed     75.97%
  38  EU530723    80.49%    passed     81.48%
  39  PP965362     0.07%    passed     97.33%
  40  PP965358     0.07%    passed     98.43%
  41  PP965366     0.22%    passed     99.08%
  42  PP965364    42.65%    passed     33.04%
  43  AY340754    80.34%    passed     60.54%
  44  AY340730    80.34%    passed     84.03%
  45  AY233415    80.34%    passed     69.77%
  46  FJ228501     0.22%    passed     90.68%
  47  AY233410    80.34%    passed     69.77%
  48  EU530717    80.49%    passed     81.48%
  49  OL451929     0.07%    passed     97.56%
  50  PP965357     0.30%    passed     99.08%
  51  AY340711    80.34%    passed     84.37%
  52  AY340769    80.34%    passed     94.04%
  53  AY340729    80.34%    passed     89.08%
  54  OL451922     0.07%    passed     98.16%
  55  AY340753    80.34%    passed     93.04%
  56  AY340764    80.34%    passed     90.07%
  57  MK956098     0.22%    passed     97.09%
  58  AY340726    80.34%    passed     70.09%
  59  PP965371     0.22%    passed     98.75%
  60  AY340749    80.34%    passed     69.27%
  61  EU530722    80.49%    passed     81.48%
  62  AY233409    80.34%    passed     69.77%
  63  AY340737    80.34%    passed     77.42%
  64  AY340755    80.34%    passed     93.33%
  65  EU530710    80.49%    passed     90.96%
  66  PP965368     0.07%    passed     98.38%
  67  AY340760    80.34%    passed     90.07%
  68  AY340728    80.34%    passed     90.07%
  69  AY340724    80.34%    passed     92.41%
  70  PP965352     0.00%    passed     98.60%
  71  EU530716    80.49%    passed     87.76%
  72  AY233413    80.34%    passed     69.77%
  73  AY340766    80.34%    passed     94.04%
  74  AY233421    80.34%    passed     69.77%
  75  KU963490     0.22%    passed     98.54%
  76  AY340762    80.34%    passed     90.07%
  77  OL451923     0.07%    passed     98.16%
  78  EU530711    80.49%    passed     86.84%
  79  OL451921     0.15%    passed     97.72%
  80  AY340738    80.34%    passed     83.04%
  81  AY340704    80.34%    passed     78.32%
  82  AY340723    80.34%    passed     93.33%
  83  AY340750    80.34%    passed     90.07%
  84  PV857575    64.75%    passed     87.42%
  85  AY340745    80.34%    passed     71.14%
  86  PP965374     0.44%    passed     99.61%
  87  OL451919     0.07%    passed     97.87%
  88  EU530703    80.49%    passed     86.84%
  89  EU530718    80.49%    passed     87.76%
  90  PP965353     0.07%    passed     96.55%
  91  AY340786    80.34%    passed     94.04%
  92  AY340732    80.34%    passed     81.61%
  93  AY340739    80.34%    passed     60.54%
  94  PP965348     0.00%    passed     98.60%
  95  AY340775    80.34%    passed     94.04%
  96  PP965369     0.07%    passed     98.62%
  97  PP965345    42.65%    passed     29.29%
  98  EU530720    80.49%    passed     87.76%
  99  AY340735    80.34%    passed     61.62%
 100  AY340778    80.34%    passed     76.91%
 101  AY340774    80.34%    passed     94.04%
 102  EU530715    80.49%    passed     87.34%
 103  AY340752    80.34%    passed     90.07%
 104  AY233411    80.34%    passed     69.77%
 105  EU530704    80.49%    passed     86.84%
 106  PP965365     0.00%    passed     99.08%
 107  AY340765    80.34%    passed     94.41%
 108  AY340719    80.34%    passed     78.51%
 109  PP965347     0.22%    passed     98.64%
 110  MK956100     0.22%    passed     98.68%
 111  AY340721    80.34%    passed     93.33%
 112  EU530709    80.49%    passed     86.84%
 113  OL451926     0.07%    passed     96.22%
 114  OL451931     0.44%    passed     96.81%
 115  AY233425    80.34%    passed     60.54%
 116  FJ228498     0.37%    passed     98.89%
 117  PP965361     0.07%    passed     95.10%
 118  PP965370    42.65%    passed     34.25%
 119  PV891638    51.59%    passed     74.76%
 120  EU530705    80.49%    passed     87.76%
 121  AY340763    80.34%    passed     90.07%
 122  KF831540    83.74%    passed     82.40%
 123  MW302194    57.80%    passed     57.85%
 124  PP965373     0.00%    passed     97.72%
 125  MK956099     0.22%    passed     97.59%
 126  AY340757    80.34%    passed     93.33%
 127  EU530708    80.49%    passed     86.84%
 128  AY340741    80.34%    passed     70.09%
 129  EU530729    80.49%    passed     36.47%
 130  EU530701    80.49%    passed     87.76%
 131  MW302193    57.80%    passed     57.85%
 132  AY340756    80.34%    passed     93.33%
 133  AY340703    80.34%    passed     84.10%
 134  FJ228500     0.22%    passed     95.07%
 135  AY233408    80.34%    passed     69.77%
 136  AY340717    80.49%    passed     79.21%
 137  EU530721    80.49%    passed     81.48%
 138  AY340707    80.34%    passed     68.79%
 139  EU530698    80.49%    passed     86.84%
 140  AY340731    80.34%    passed     70.09%
 141  AY340780    80.34%    passed     94.04%
 142  OL451930     0.30%    passed     94.93%
 143  AY340734    80.34%    passed     89.08%
 144  PP965349    42.65%    passed     33.04%
 145  EU530707    80.49%    passed     86.84%
 146  PP965356    42.65%    passed     33.04%
 147  EU530706    80.49%    passed     87.76%
 148  PP965360     0.00%    passed     98.82%
 149  AY340772    80.34%    passed     64.81%
 150  AY340767    80.34%    passed     94.04%
 151  PP965351    42.65%    passed     33.04%
 152  AY340770    80.34%    passed     94.04%
 153  AY340761    80.34%    passed     92.41%
 154  PV891639    51.59%    passed     77.53%
 155  AY233424    80.34%    passed     76.29%
 156  PP965372     0.07%    passed     98.38%
 157  PP965355     0.00%    passed     97.72%
 158  AY233414    80.34%    passed     69.64%
 159  PP965354    42.65%    passed     33.04%
 160  AY340716    80.49%    passed     90.99%
 161  AY233416    80.34%    passed     69.77%
 162  AY340779    80.34%    passed     94.04%
 163  AY340785    80.34%    passed     96.38%
 164  AY233419    80.34%    passed     69.77%
 165  AY340718    80.34%    passed     91.10%
 166  AY340708    80.34%    passed     85.08%
 167  PP965363    42.65%    passed     33.04%
 168  PP965359     0.07%    passed     98.79%
 169  PP965350    42.65%    passed     33.04%
 170  EU530713    80.49%    passed     81.48%
 171  EF188811    80.27%    passed     90.23%
 172  AY340725    80.34%    passed     60.83%
 173  AY340751    80.34%    passed     60.83%
 174  AY340713    80.49%    passed     52.90%
 175  AY233417    80.34%    passed     71.14%
 176  AY340740    80.34%    passed     89.08%
 177  PP965344    42.65%    passed     33.04%
 178  FJ228499     0.30%    passed     97.64%
 179  PP965346     0.07%    passed     98.79%
 180  AY340748    80.34%    passed     86.68%
 181  EU530702    80.49%    passed     86.84%
 182  AY340712    80.49%    passed     53.05%
 183  AY340744    80.34%    passed     89.08%
 184  EU530712    80.49%    passed     87.76%
 185  EU530714    80.49%    passed     81.48%
 186  PP965343    42.65%    passed     33.04%
 187  OL451925     0.07%    passed     97.51%
 188  AY340747    80.34%    passed     84.10%
 189  AY340733    80.34%    passed     90.84%
 190  AY340777    80.34%    passed     94.04%
 191  AY340759    80.34%    passed     90.07%
 192  OL451917     0.07%    passed     98.16%
 193  AY340727    80.34%    passed     89.08%
 194  AY233418    80.34%    passed     69.77%
 195  10_2020      0.07%    passed     98.26%
 196  10_2021      0.07%    passed     98.38%
 197  100_2023     0.07%    passed     96.38%
 198  101_2017     0.07%    passed     98.39%
 199  103_2022     0.07%    passed     98.38%
 200  107_2018     0.07%    passed     97.51%
 201  107_2021     0.07%    passed     97.33%
 202  1101786      0.00%    passed     97.72%
 203  1101787      0.00%    passed     97.72%
 204  112_2017     0.07%    passed     97.61%
 205  114_2015     0.07%    passed     98.62%
 206  12_2017      0.07%    passed     98.26%
 207  1203037      0.00%    passed     94.24%
 208  121_2019     0.07%    passed     98.62%
 209  126_2021     0.22%    passed     99.08%
 210  130_2016     0.07%    passed     97.48%
 211  131_2019     0.07%    passed     98.26%
 212  140_2018     0.00%    passed     97.85%
 213  140_2020     5.03%    passed     92.64%
 214  145_2017     0.07%    passed     98.16%
 215  145_2022     0.07%    passed     95.10%
 216  146_2021     0.07%    passed     98.62%
 217  147_2021    42.65%    passed     33.04%
 218  147_2022     0.00%    passed     99.08%
 219  149_2020     0.07%    passed     98.62%
 220  15_2021      0.07%    passed     98.38%
 221  151_2024     0.07%    passed     98.62%
 222  152_2023     0.07%    passed     98.39%
 223  158_2022     0.07%    passed     98.62%
 224  159_2017     0.07%    passed     97.61%
 225  16_2021      0.07%    passed     98.79%
 226  162_2018     0.07%    passed     98.39%
 227  162_2024     0.07%    passed     98.62%
 228  166_2016     0.07%    passed     98.39%
 229  172_2022     0.22%    passed     98.75%
 230  173_2022     0.07%    passed     98.38%
 231  175_2023     0.07%    passed     98.16%
 232  182_2019     0.07%    passed     98.16%
 233  183_2019     0.07%    passed     98.39%
 234  183_2023     0.07%    passed     98.38%
 235  186_2018     0.07%    passed     98.19%
 236  2_2017       0.07%    passed     98.39%
 237  201_2017     0.07%    passed     97.61%
 238  202_2021    42.65%    passed     33.04%
 239  209_2018     0.07%    passed     97.61%
 240  213_2021     0.00%    passed     98.82%
 241  218_2023     0.07%    passed     98.62%
 242  219_2022     0.22%    passed     98.64%
 243  219_2024     0.07%    passed     96.39%
 244  22_2016      0.07%    passed     98.39%
 245  22_2018      0.07%    passed     98.39%
 246  225_2017     0.07%    passed     97.61%
 247  225_2019     0.07%    passed     97.33%
 248  225_2023     0.07%    passed     98.38%
 249  227_2019     0.07%    passed     98.62%
 250  23_2020      0.07%    passed     98.16%
 251  231_2021     0.44%    passed     99.61%
 252  232_2023     0.00%    passed     98.59%
 253  234_2016     0.07%    passed     97.48%
 254  236_2019     0.07%    passed     98.86%
 255  236_2022    42.65%    passed     29.29%
 256  24_2019      0.07%    passed     97.61%
 257  240_2019     0.07%    passed     99.16%
 258  240_2023     0.07%    passed     98.38%
 259  242_2019     0.07%    passed     98.62%
 260  244_2019     0.07%    passed     98.62%
 261  246_2022     0.07%    passed     98.38%
 262  247_2018     0.07%    passed     98.19%
 263  25_2020      0.00%    passed     98.55%
 264  250_2021    42.65%    passed     33.04%
 265  251_2021    42.65%    passed     33.04%
 266  255_2019     0.07%    passed     97.61%
 267  259_2017     0.07%    passed     98.26%
 268  266_2022     0.07%    passed     98.90%
 269  270_2023     0.07%    passed     98.38%
 270  272_2017     0.00%    passed     98.60%
 271  272_2019     0.07%    passed     98.39%
 272  273_2023     0.07%    passed     99.16%
 273  275_2017     0.07%    passed     98.39%
 274  279_2017    19.96%    passed     99.23%
 275  280_2022     0.07%    passed     98.39%
 276  286_2022     0.00%    passed     98.59%
 277  289_2019     0.07%    passed     96.48%
 278  29_2021      0.07%    passed     98.79%
 279  291_2016     0.07%    passed     98.39%
 280  297_2023     0.07%    passed     98.39%
 281  298_2017     0.07%    passed     98.39%
 282  30_2021      0.07%    passed     98.79%
 283  30_2023      0.00%    passed     97.85%
 284  302_2016     0.07%    passed     98.39%
 285  302_2017     0.07%    passed     98.39%
 286  31_2021      0.30%    passed     99.08%
 287  312_2019     0.07%    passed     97.56%
 288  315_2017     0.07%    passed     98.39%
 289  319_2017     0.07%    passed     98.39%
 290  32_2016      0.07%    passed     98.43%
 291  320_2019     0.07%    passed     98.26%
 292  321_2023     0.07%    passed     98.39%
 293  333_2018     0.07%    passed     98.79%
 294  336_2019     0.07%    passed     98.62%
 295  34_2021     42.65%    passed     33.04%
 296  348_2023     0.07%    passed     98.62%
 297  35_2018      0.07%    passed     98.26%
 298  3553_2010    0.00%    passed     97.72%
 299  357_2016     0.07%    passed     98.26%
 300  358_2023     0.07%    passed     98.62%
 301  367_2015     0.07%    passed     98.39%
 302  374_2018     0.07%    passed     98.39%
 303  375_2017     0.00%    passed     98.60%
 304  375_2018     0.07%    passed     98.39%
 305  386_2016     0.07%    passed     97.61%
 306  4_2023       0.07%    passed     98.38%
 307  40_2021      0.07%    passed     96.55%
 308  40_2025      0.07%    passed     99.16%
 309  402_2017     0.07%    passed     98.19%
 310  41_2020      0.07%    passed     98.62%
 311  41_2024      0.07%    passed     98.85%
 312  42_2020      0.00%    passed     98.55%
 313  435_2018     0.07%    passed     98.39%
 314  44_2016      0.07%    passed     98.39%
 315  442_2016     0.07%    passed     98.26%
 316  447_2018     0.07%    passed     97.47%
 317  46_2017      0.07%    passed     98.39%
 318  46_2019      0.07%    passed     98.90%
 319  462_2016     0.07%    passed     98.39%
 320  468_2016     0.07%    passed     98.39%
 321  47_2019      0.00%    passed     99.04%
 322  48_2019      0.07%    passed     98.62%
 323  480_2016     0.07%    passed     98.39%
 324  481_2016     0.07%    passed     98.39%
 325  485_2016     0.07%    passed     98.39%
 326  495_2016     0.07%    passed     98.39%
 327  51_2018      0.07%    passed     97.96%
 328  52_2018      0.00%    passed     98.60%
 329  52_2021     42.65%    passed     33.04%
 330  534_2016     0.07%    passed     98.26%
 331  54_2024      0.07%    passed     98.62%
 332  56_2021      0.07%    passed     98.43%
 333  56_2023      0.07%    passed     98.26%
 334  560_2015     0.00%    passed     98.60%
 335  562_2016     0.07%    passed     98.26%
 336  563_2016     0.07%    passed     98.39%
 337  57_2017      0.07%    passed     97.25%
 338  571_2016     0.07%    passed     97.61%
 339  576_2016     0.07%    passed     98.26%
 340  609_2015     0.07%    passed     98.39%
 341  61_2021      0.07%    passed     98.79%
 342  653_2015     0.07%    passed     99.03%
 343  68_2021     42.65%    passed     33.04%
 344  69_2016      0.00%    passed     98.60%
 345  69_2022     19.96%    passed     99.23%
 346  696_2015     0.00%    passed     98.60%
 347  699_2015     0.00%    passed     98.60%
 348  704_2015     0.07%    passed     98.39%
 349  71_2021     42.65%    passed     33.04%
 350  711_2015     0.07%    passed     98.39%
 351  73_2015      0.07%    passed     98.34%
 352  73_2021     42.65%    passed     34.25%
 353  75_2021      0.52%    passed     98.87%
 354  88_2019      0.00%    passed     97.85%
 355  89_2018      0.07%    passed     98.19%
 356  9_2019       0.07%    passed     96.53%
 357  90_2021      0.07%    passed     98.38%
 358  91_2017      0.07%    passed     97.48%
 359  92_2018      0.07%    passed     98.39%
 360  93_2018     17.81%    passed     67.09%
 361  97_2017      0.07%    passed     97.61%
WARNING: 133 sequences contain more than 50% gaps/ambiguity
****  TOTAL       31.90%  0 sequences failed composition chi2 test (p-value<5%; df=3)
NOTE: OL451930 is identical to OL451932 but kept for subsequent analysis
NOTE: AY340743 is identical to AY340758 but kept for subsequent analysis
NOTE: 107_2018 is identical to PP965367 but kept for subsequent analysis
NOTE: AY340747 is identical to AY340746 but kept for subsequent analysis
NOTE: AY340769 is identical to AY340768 but kept for subsequent analysis
NOTE: OL451927 is identical to OL451928 but kept for subsequent analysis
NOTE: PP965373 is identical to KU938752 but kept for subsequent analysis
NOTE: 1203037 is identical to KU938829 but kept for subsequent analysis
NOTE: OL451922 is identical to OL451924 but kept for subsequent analysis
NOTE: AY233415 is identical to AY233412 but kept for subsequent analysis
NOTE: AY340740 is identical to AY340742 but kept for subsequent analysis
NOTE: EU530700 is identical to EU530719 but kept for subsequent analysis
NOTE: AY340737 is identical to AY340736 but kept for subsequent analysis
NOTE: OL451917 is identical to OL451920 but kept for subsequent analysis
NOTE: OL451919 is identical to OL451918 but kept for subsequent analysis
NOTE: EU530717 is identical to EU530723 but kept for subsequent analysis
NOTE: 225_2019 is identical to PP965362 but kept for subsequent analysis
NOTE: 56_2021 is identical to PP965358 but kept for subsequent analysis
NOTE: 126_2021 is identical to PP965366 but kept for subsequent analysis
NOTE: PP965349 is identical to PP965364 but kept for subsequent analysis
NOTE: AY340739 is identical to AY340754 but kept for subsequent analysis
NOTE: 31_2021 is identical to PP965357 but kept for subsequent analysis
NOTE: AY340731 is identical to AY340726 but kept for subsequent analysis
NOTE: 172_2022 is identical to PP965371 but kept for subsequent analysis
NOTE: AY340757 is identical to AY340755 but kept for subsequent analysis
NOTE: PP965372 is identical to PP965368 but kept for subsequent analysis
NOTE: PP965348 is identical to PP965352 but kept for subsequent analysis
NOTE: AY340767 is identical to AY340766 but kept for subsequent analysis
NOTE: EU530703 is identical to EU530711 but kept for subsequent analysis
NOTE: 231_2021 is identical to PP965374 but kept for subsequent analysis
NOTE: 40_2021 is identical to PP965353 but kept for subsequent analysis
NOTE: 114_2015 is identical to PP965369 but kept for subsequent analysis
NOTE: 236_2022 is identical to PP965345 but kept for subsequent analysis
NOTE: 147_2022 is identical to PP965365 but kept for subsequent analysis
NOTE: 219_2022 is identical to PP965347 but kept for subsequent analysis
NOTE: 145_2022 is identical to PP965361 but kept for subsequent analysis
NOTE: 73_2021 is identical to PP965370 but kept for subsequent analysis
NOTE: MW302193 is identical to MW302194 but kept for subsequent analysis
NOTE: 213_2021 is identical to PP965360 but kept for subsequent analysis
NOTE: PP965346 is identical to PP965359 but kept for subsequent analysis
NOTE: 35_2018 is identical to 10_2020 but kept for subsequent analysis
NOTE: 162_2018 is identical to 101_2017 but kept for subsequent analysis
NOTE: 159_2017 is identical to 112_2017 but kept for subsequent analysis
NOTE: 259_2017 is identical to 12_2017 but kept for subsequent analysis
NOTE: 234_2016 is identical to 130_2016 but kept for subsequent analysis
NOTE: 30_2023 is identical to 140_2018 but kept for subsequent analysis
NOTE: 280_2022 is identical to 152_2023 but kept for subsequent analysis
NOTE: 247_2018 is identical to 186_2018 but kept for subsequent analysis
NOTE: 225_2017 is identical to 201_2017 but kept for subsequent analysis
NOTE: 24_2019 is identical to 209_2018 but kept for subsequent analysis
NOTE: 286_2022 is identical to 232_2023 but kept for subsequent analysis
NOTE: 40_2025 is identical to 240_2019 but kept for subsequent analysis
NOTE: 42_2020 is identical to 25_2020 but kept for subsequent analysis
NOTE: 69_2022 is identical to 279_2017 but kept for subsequent analysis
NOTE: 141 identical sequences (see below) will be ignored for subsequent analysis
NOTE: AY340764 (identical to AY340758) is ignored but added at the end
NOTE: AY340760 (identical to AY340758) is ignored but added at the end
NOTE: AY340762 (identical to AY340758) is ignored but added at the end
NOTE: AY340752 (identical to AY340758) is ignored but added at the end
NOTE: AY340763 (identical to AY340758) is ignored but added at the end
NOTE: AY340759 (identical to AY340758) is ignored but added at the end
NOTE: AY340786 (identical to AY340768) is ignored but added at the end
NOTE: AY340775 (identical to AY340768) is ignored but added at the end
NOTE: AY340774 (identical to AY340768) is ignored but added at the end
NOTE: AY340780 (identical to AY340768) is ignored but added at the end
NOTE: AY340770 (identical to AY340768) is ignored but added at the end
NOTE: AY340779 (identical to AY340768) is ignored but added at the end
NOTE: AY340777 (identical to AY340768) is ignored but added at the end
NOTE: PP965355 (identical to KU938752) is ignored but added at the end
NOTE: 1101786 (identical to KU938752) is ignored but added at the end
NOTE: 1101787 (identical to KU938752) is ignored but added at the end
NOTE: 3553_2010 (identical to KU938752) is ignored but added at the end
NOTE: OL451923 (identical to OL451924) is ignored but added at the end
NOTE: AY233410 (identical to AY233412) is ignored but added at the end
NOTE: AY233409 (identical to AY233412) is ignored but added at the end
NOTE: AY233413 (identical to AY233412) is ignored but added at the end
NOTE: AY233421 (identical to AY233412) is ignored but added at the end
NOTE: AY233411 (identical to AY233412) is ignored but added at the end
NOTE: AY233408 (identical to AY233412) is ignored but added at the end
NOTE: AY233416 (identical to AY233412) is ignored but added at the end
NOTE: AY233419 (identical to AY233412) is ignored but added at the end
NOTE: AY233418 (identical to AY233412) is ignored but added at the end
NOTE: AY340744 (identical to AY340742) is ignored but added at the end
NOTE: EU530716 (identical to EU530719) is ignored but added at the end
NOTE: EU530718 (identical to EU530719) is ignored but added at the end
NOTE: EU530720 (identical to EU530719) is ignored but added at the end
NOTE: EU530705 (identical to EU530719) is ignored but added at the end
NOTE: EU530701 (identical to EU530719) is ignored but added at the end
NOTE: EU530706 (identical to EU530719) is ignored but added at the end
NOTE: EU530712 (identical to EU530719) is ignored but added at the end
NOTE: EU530722 (identical to EU530723) is ignored but added at the end
NOTE: EU530721 (identical to EU530723) is ignored but added at the end
NOTE: EU530713 (identical to EU530723) is ignored but added at the end
NOTE: EU530714 (identical to EU530723) is ignored but added at the end
NOTE: PP965356 (identical to PP965364) is ignored but added at the end
NOTE: PP965351 (identical to PP965364) is ignored but added at the end
NOTE: PP965354 (identical to PP965364) is ignored but added at the end
NOTE: PP965363 (identical to PP965364) is ignored but added at the end
NOTE: PP965350 (identical to PP965364) is ignored but added at the end
NOTE: PP965344 (identical to PP965364) is ignored but added at the end
NOTE: PP965343 (identical to PP965364) is ignored but added at the end
NOTE: 147_2021 (identical to PP965364) is ignored but added at the end
NOTE: 202_2021 (identical to PP965364) is ignored but added at the end
NOTE: 250_2021 (identical to PP965364) is ignored but added at the end
NOTE: 251_2021 (identical to PP965364) is ignored but added at the end
NOTE: 34_2021 (identical to PP965364) is ignored but added at the end
NOTE: 52_2021 (identical to PP965364) is ignored but added at the end
NOTE: 68_2021 (identical to PP965364) is ignored but added at the end
NOTE: 71_2021 (identical to PP965364) is ignored but added at the end
NOTE: AY233425 (identical to AY340754) is ignored but added at the end
NOTE: AY340756 (identical to AY340755) is ignored but added at the end
NOTE: 10_2021 (identical to PP965368) is ignored but added at the end
NOTE: 103_2022 (identical to PP965368) is ignored but added at the end
NOTE: 15_2021 (identical to PP965368) is ignored but added at the end
NOTE: 173_2022 (identical to PP965368) is ignored but added at the end
NOTE: 183_2023 (identical to PP965368) is ignored but added at the end
NOTE: 225_2023 (identical to PP965368) is ignored but added at the end
NOTE: 240_2023 (identical to PP965368) is ignored but added at the end
NOTE: 246_2022 (identical to PP965368) is ignored but added at the end
NOTE: 270_2023 (identical to PP965368) is ignored but added at the end
NOTE: 4_2023 (identical to PP965368) is ignored but added at the end
NOTE: 90_2021 (identical to PP965368) is ignored but added at the end
NOTE: 272_2017 (identical to PP965352) is ignored but added at the end
NOTE: 375_2017 (identical to PP965352) is ignored but added at the end
NOTE: 52_2018 (identical to PP965352) is ignored but added at the end
NOTE: 560_2015 (identical to PP965352) is ignored but added at the end
NOTE: 69_2016 (identical to PP965352) is ignored but added at the end
NOTE: 696_2015 (identical to PP965352) is ignored but added at the end
NOTE: 699_2015 (identical to PP965352) is ignored but added at the end
NOTE: EU530704 (identical to EU530711) is ignored but added at the end
NOTE: EU530709 (identical to EU530711) is ignored but added at the end
NOTE: EU530707 (identical to EU530711) is ignored but added at the end
NOTE: EU530702 (identical to EU530711) is ignored but added at the end
NOTE: 121_2019 (identical to PP965369) is ignored but added at the end
NOTE: 146_2021 (identical to PP965369) is ignored but added at the end
NOTE: 149_2020 (identical to PP965369) is ignored but added at the end
NOTE: 151_2024 (identical to PP965369) is ignored but added at the end
NOTE: 158_2022 (identical to PP965369) is ignored but added at the end
NOTE: 162_2024 (identical to PP965369) is ignored but added at the end
NOTE: 218_2023 (identical to PP965369) is ignored but added at the end
NOTE: 227_2019 (identical to PP965369) is ignored but added at the end
NOTE: 242_2019 (identical to PP965369) is ignored but added at the end
NOTE: 244_2019 (identical to PP965369) is ignored but added at the end
NOTE: 336_2019 (identical to PP965369) is ignored but added at the end
NOTE: 348_2023 (identical to PP965369) is ignored but added at the end
NOTE: 358_2023 (identical to PP965369) is ignored but added at the end
NOTE: 41_2020 (identical to PP965369) is ignored but added at the end
NOTE: 48_2019 (identical to PP965369) is ignored but added at the end
NOTE: 54_2024 (identical to PP965369) is ignored but added at the end
NOTE: 16_2021 (identical to PP965359) is ignored but added at the end
NOTE: 29_2021 (identical to PP965359) is ignored but added at the end
NOTE: 30_2021 (identical to PP965359) is ignored but added at the end
NOTE: 61_2021 (identical to PP965359) is ignored but added at the end
NOTE: 166_2016 (identical to 101_2017) is ignored but added at the end
NOTE: 183_2019 (identical to 101_2017) is ignored but added at the end
NOTE: 2_2017 (identical to 101_2017) is ignored but added at the end
NOTE: 22_2016 (identical to 101_2017) is ignored but added at the end
NOTE: 22_2018 (identical to 101_2017) is ignored but added at the end
NOTE: 272_2019 (identical to 101_2017) is ignored but added at the end
NOTE: 275_2017 (identical to 101_2017) is ignored but added at the end
NOTE: 291_2016 (identical to 101_2017) is ignored but added at the end
NOTE: 298_2017 (identical to 101_2017) is ignored but added at the end
NOTE: 302_2016 (identical to 101_2017) is ignored but added at the end
NOTE: 302_2017 (identical to 101_2017) is ignored but added at the end
NOTE: 315_2017 (identical to 101_2017) is ignored but added at the end
NOTE: 319_2017 (identical to 101_2017) is ignored but added at the end
NOTE: 367_2015 (identical to 101_2017) is ignored but added at the end
NOTE: 374_2018 (identical to 101_2017) is ignored but added at the end
NOTE: 375_2018 (identical to 101_2017) is ignored but added at the end
NOTE: 435_2018 (identical to 101_2017) is ignored but added at the end
NOTE: 44_2016 (identical to 101_2017) is ignored but added at the end
NOTE: 46_2017 (identical to 101_2017) is ignored but added at the end
NOTE: 462_2016 (identical to 101_2017) is ignored but added at the end
NOTE: 468_2016 (identical to 101_2017) is ignored but added at the end
NOTE: 481_2016 (identical to 101_2017) is ignored but added at the end
NOTE: 485_2016 (identical to 101_2017) is ignored but added at the end
NOTE: 495_2016 (identical to 101_2017) is ignored but added at the end
NOTE: 563_2016 (identical to 101_2017) is ignored but added at the end
NOTE: 609_2015 (identical to 101_2017) is ignored but added at the end
NOTE: 704_2015 (identical to 101_2017) is ignored but added at the end
NOTE: 711_2015 (identical to 101_2017) is ignored but added at the end
NOTE: 92_2018 (identical to 101_2017) is ignored but added at the end
NOTE: 386_2016 (identical to 112_2017) is ignored but added at the end
NOTE: 357_2016 (identical to 12_2017) is ignored but added at the end
NOTE: 442_2016 (identical to 12_2017) is ignored but added at the end
NOTE: 562_2016 (identical to 12_2017) is ignored but added at the end
NOTE: 576_2016 (identical to 12_2017) is ignored but added at the end
NOTE: 91_2017 (identical to 130_2016) is ignored but added at the end
NOTE: 88_2019 (identical to 140_2018) is ignored but added at the end
NOTE: 297_2023 (identical to 152_2023) is ignored but added at the end
NOTE: 321_2023 (identical to 152_2023) is ignored but added at the end
NOTE: 402_2017 (identical to 186_2018) is ignored but added at the end
NOTE: 89_2018 (identical to 186_2018) is ignored but added at the end
NOTE: 255_2019 (identical to 209_2018) is ignored but added at the end
NOTE: 571_2016 (identical to 209_2018) is ignored but added at the end
NOTE: 97_2017 (identical to 209_2018) is ignored but added at the end
Alignment was printed to AM5_nucloeprotein_aln.fa.uniqueseq.phy

For your convenience alignment with unique sequences printed to AM5_nucloeprotein_aln.fa.uniqueseq.phy

Create initial parsimony tree by phylogenetic likelihood library (PLL)... 0.019 seconds
Generating 1000 samples for ultrafast bootstrap (seed: 81092)...

NOTE: 12 MB RAM (0 GB) is required!
Estimate model parameters (epsilon = 0.100)
1. Initial log-likelihood: -5231.229
2. Current log-likelihood: -4765.956
3. Current log-likelihood: -4758.905
4. Current log-likelihood: -4758.639
Optimal log-likelihood: -4758.542
Rate parameters:  A-C: 2.11128  A-G: 9.41341  A-T: 1.03255  C-G: 1.22023  C-T: 16.06611  G-T: 1.00000
Base frequencies:  A: 0.297  C: 0.205  G: 0.237  T: 0.261
Gamma shape alpha: 0.258
Parameters optimization took 4 rounds (0.610 sec)
Computing ML distances based on estimated model parameters... 0.363 sec
WARNING: Some pairwise ML distances are too long (saturated)
Computing BIONJ tree...
0.025 seconds
Log-likelihood of BIONJ tree: -5017.131
--------------------------------------------------------------------
|             INITIALIZING CANDIDATE TREE SET                      |
--------------------------------------------------------------------
Generating 98 parsimony trees... 2.220 second
Computing log-likelihood of 98 initial trees ... 1.460 seconds
Current best score: -4720.054

Do NNI search on 20 best initial trees
Estimate model parameters (epsilon = 0.100)
BETTER TREE FOUND at iteration 1: -4712.519
Estimate model parameters (epsilon = 0.100)
BETTER TREE FOUND at iteration 2: -4709.838
Estimate model parameters (epsilon = 0.100)
BETTER TREE FOUND at iteration 3: -4708.508
Estimate model parameters (epsilon = 0.100)
BETTER TREE FOUND at iteration 7: -4698.546
Iteration 10 / LogL: -4720.198 / Time: 0h:0m:18s
Iteration 20 / LogL: -4729.612 / Time: 0h:0m:32s
Finish initializing candidate tree set (20)
Current best tree score: -4698.546 / CPU time: 30.990
Number of iterations: 20
--------------------------------------------------------------------
|               OPTIMIZING CANDIDATE TREE SET                      |
--------------------------------------------------------------------
Estimate model parameters (epsilon = 0.100)
BETTER TREE FOUND at iteration 24: -4698.184
Estimate model parameters (epsilon = 0.100)
BETTER TREE FOUND at iteration 25: -4697.456
Iteration 30 / LogL: -4703.038 / Time: 0h:0m:43s (0h:2m:22s left)
Estimate model parameters (epsilon = 0.100)
BETTER TREE FOUND at iteration 34: -4696.399
Iteration 40 / LogL: -4710.507 / Time: 0h:0m:53s (0h:2m:8s left)
Estimate model parameters (epsilon = 0.100)
BETTER TREE FOUND at iteration 42: -4692.358
Iteration 50 / LogL: -4705.958 / Time: 0h:1m:4s (0h:2m:0s left)
Log-likelihood cutoff on original alignment: -4747.714
Iteration 60 / LogL: -4699.003 / Time: 0h:1m:16s (0h:1m:46s left)
Iteration 70 / LogL: -4702.503 / Time: 0h:1m:28s (0h:1m:32s left)
Iteration 80 / LogL: -4696.190 / Time: 0h:1m:37s (0h:1m:16s left)
Iteration 90 / LogL: -4694.166 / Time: 0h:1m:48s (0h:1m:3s left)
Iteration 100 / LogL: -4701.998 / Time: 0h:1m:59s (0h:0m:50s left)
Log-likelihood cutoff on original alignment: -4747.714
NOTE: Bootstrap correlation coefficient of split occurrence frequencies: 0.982
NOTE: UFBoot does not converge, continue at least 100 more iterations
Iteration 110 / LogL: -4702.792 / Time: 0h:2m:13s (0h:1m:50s left)
Iteration 120 / LogL: -4692.649 / Time: 0h:2m:24s (0h:1m:37s left)
BETTER TREE FOUND at iteration 122: -4692.353
Iteration 130 / LogL: -4701.957 / Time: 0h:2m:38s (0h:1m:52s left)
Iteration 140 / LogL: -4699.525 / Time: 0h:2m:49s (0h:1m:39s left)
Iteration 150 / LogL: -4698.512 / Time: 0h:2m:59s (0h:1m:26s left)
Log-likelihood cutoff on original alignment: -4747.714
Iteration 160 / LogL: -4706.734 / Time: 0h:3m:11s (0h:1m:14s left)
Iteration 170 / LogL: -4699.057 / Time: 0h:3m:22s (0h:1m:2s left)
Iteration 180 / LogL: -4713.626 / Time: 0h:3m:34s (0h:0m:50s left)
Estimate model parameters (epsilon = 0.100)
BETTER TREE FOUND at iteration 190: -4692.175
Iteration 190 / LogL: -4692.175 / Time: 0h:3m:45s (0h:1m:59s left)
Iteration 200 / LogL: -4694.529 / Time: 0h:3m:57s (0h:1m:47s left)
Log-likelihood cutoff on original alignment: -4747.714
NOTE: Bootstrap correlation coefficient of split occurrence frequencies: 0.995
Iteration 210 / LogL: -4708.757 / Time: 0h:4m:9s (0h:1m:47s left)
Iteration 220 / LogL: -4695.819 / Time: 0h:4m:22s (0h:1m:35s left)
Estimate model parameters (epsilon = 0.100)
BETTER TREE FOUND at iteration 223: -4689.798
BETTER TREE FOUND at iteration 228: -4689.796
Iteration 230 / LogL: -4694.297 / Time: 0h:4m:38s (0h:1m:59s left)
Iteration 240 / LogL: -4690.414 / Time: 0h:4m:56s (0h:1m:49s left)
Estimate model parameters (epsilon = 0.100)
BETTER TREE FOUND at iteration 250: -4688.061
Iteration 250 / LogL: -4688.061 / Time: 0h:5m:7s (0h:2m:3s left)
Log-likelihood cutoff on original alignment: -4744.407
Iteration 260 / LogL: -4701.950 / Time: 0h:5m:21s (0h:1m:51s left)
Estimate model parameters (epsilon = 0.100)
BETTER TREE FOUND at iteration 262: -4687.702
Iteration 270 / LogL: -4689.852 / Time: 0h:5m:33s (0h:1m:53s left)
Estimate model parameters (epsilon = 0.100)
BETTER TREE FOUND at iteration 277: -4686.049
Iteration 280 / LogL: -4694.598 / Time: 0h:5m:45s (0h:2m:0s left)
Iteration 290 / LogL: -4688.605 / Time: 0h:5m:56s (0h:1m:47s left)
Iteration 300 / LogL: -4690.135 / Time: 0h:6m:8s (0h:1m:34s left)
Log-likelihood cutoff on original alignment: -4744.407
NOTE: Bootstrap correlation coefficient of split occurrence frequencies: 0.964
NOTE: UFBoot does not converge, continue at least 100 more iterations
Iteration 310 / LogL: -4689.752 / Time: 0h:6m:22s (0h:1m:51s left)
Iteration 320 / LogL: -4686.129 / Time: 0h:6m:33s (0h:1m:38s left)
Iteration 330 / LogL: -4687.790 / Time: 0h:6m:45s (0h:1m:26s left)
Iteration 340 / LogL: -4690.787 / Time: 0h:6m:57s (0h:1m:13s left)
Iteration 350 / LogL: -4686.607 / Time: 0h:7m:11s (0h:1m:1s left)
Log-likelihood cutoff on original alignment: -4744.407
BETTER TREE FOUND at iteration 352: -4686.043
Iteration 360 / LogL: -4686.357 / Time: 0h:7m:24s (0h:1m:53s left)
Iteration 370 / LogL: -4686.135 / Time: 0h:7m:36s (0h:1m:41s left)
Iteration 380 / LogL: -4700.793 / Time: 0h:7m:49s (0h:1m:29s left)
BETTER TREE FOUND at iteration 381: -4686.042
Iteration 390 / LogL: -4686.053 / Time: 0h:8m:1s (0h:1m:52s left)
Iteration 400 / LogL: -4686.294 / Time: 0h:8m:13s (0h:1m:40s left)
Log-likelihood cutoff on original alignment: -4744.407
NOTE: Bootstrap correlation coefficient of split occurrence frequencies: 0.961
NOTE: UFBoot does not converge, continue at least 100 more iterations
Iteration 410 / LogL: -4699.158 / Time: 0h:8m:27s (0h:1m:51s left)
Iteration 420 / LogL: -4694.734 / Time: 0h:8m:41s (0h:1m:39s left)
BETTER TREE FOUND at iteration 429: -4686.035
Iteration 430 / LogL: -4686.046 / Time: 0h:8m:53s (0h:2m:2s left)
Estimate model parameters (epsilon = 0.100)
BETTER TREE FOUND at iteration 431: -4685.822
Iteration 440 / LogL: -4696.316 / Time: 0h:9m:6s (0h:1m:53s left)
Iteration 450 / LogL: -4689.164 / Time: 0h:9m:20s (0h:1m:41s left)
Log-likelihood cutoff on original alignment: -4740.995
Iteration 460 / LogL: -4691.142 / Time: 0h:9m:35s (0h:1m:28s left)
BETTER TREE FOUND at iteration 466: -4685.817
Iteration 470 / LogL: -4686.059 / Time: 0h:9m:48s (0h:2m:0s left)
Iteration 480 / LogL: -4694.080 / Time: 0h:10m:0s (0h:1m:47s left)
Iteration 490 / LogL: -4689.350 / Time: 0h:10m:25s (0h:1m:37s left)
Iteration 500 / LogL: -4690.125 / Time: 0h:11m:1s (0h:1m:27s left)
Log-likelihood cutoff on original alignment: -4740.995
NOTE: Bootstrap correlation coefficient of split occurrence frequencies: 0.978
NOTE: UFBoot does not converge, continue at least 100 more iterations
Iteration 510 / LogL: -4692.592 / Time: 0h:11m:16s (0h:1m:59s left)
Iteration 520 / LogL: -4693.009 / Time: 0h:11m:29s (0h:1m:46s left)
Iteration 530 / LogL: -4687.634 / Time: 0h:11m:43s (0h:1m:33s left)
Iteration 540 / LogL: -4691.134 / Time: 0h:11m:57s (0h:1m:19s left)
Iteration 550 / LogL: -4688.258 / Time: 0h:12m:9s (0h:1m:6s left)
Log-likelihood cutoff on original alignment: -4739.642
Estimate model parameters (epsilon = 0.100)
BETTER TREE FOUND at iteration 554: -4685.595
Iteration 560 / LogL: -4697.590 / Time: 0h:12m:23s (0h:2m:5s left)
Iteration 570 / LogL: -4685.842 / Time: 0h:12m:40s (0h:1m:52s left)
Iteration 580 / LogL: -4685.820 / Time: 0h:12m:55s (0h:1m:39s left)
Iteration 590 / LogL: -4700.902 / Time: 0h:13m:12s (0h:1m:26s left)
Iteration 600 / LogL: -4689.742 / Time: 0h:13m:29s (0h:1m:12s left)
Log-likelihood cutoff on original alignment: -4739.642
NOTE: Bootstrap correlation coefficient of split occurrence frequencies: 0.984
NOTE: UFBoot does not converge, continue at least 100 more iterations
Estimate model parameters (epsilon = 0.100)
BETTER TREE FOUND at iteration 603: -4685.344
Iteration 610 / LogL: -4686.009 / Time: 0h:13m:49s (0h:2m:6s left)
Iteration 620 / LogL: -4688.145 / Time: 0h:14m:7s (0h:1m:53s left)
Iteration 630 / LogL: -4721.546 / Time: 0h:14m:28s (0h:1m:40s left)
Iteration 640 / LogL: -4689.287 / Time: 0h:14m:50s (0h:1m:27s left)
Iteration 650 / LogL: -4688.516 / Time: 0h:15m:10s (0h:1m:14s left)
Log-likelihood cutoff on original alignment: -4739.642
Iteration 660 / LogL: -4709.494 / Time: 0h:15m:29s (0h:1m:0s left)
Iteration 670 / LogL: -4689.338 / Time: 0h:15m:49s (0h:0m:46s left)
Iteration 680 / LogL: -4685.591 / Time: 0h:16m:7s (0h:0m:32s left)
Iteration 690 / LogL: -4700.979 / Time: 0h:16m:24s (0h:0m:18s left)
Iteration 700 / LogL: -4707.751 / Time: 0h:16m:42s (0h:0m:4s left)
Log-likelihood cutoff on original alignment: -4739.642
NOTE: Bootstrap correlation coefficient of split occurrence frequencies: 0.989
NOTE: UFBoot does not converge, continue at least 100 more iterations
Iteration 710 / LogL: -4685.360 / Time: 0h:17m:2s (0h:2m:9s left)
Iteration 720 / LogL: -4685.689 / Time: 0h:17m:21s (0h:1m:55s left)
Iteration 730 / LogL: -4692.459 / Time: 0h:17m:40s (0h:1m:41s left)
Iteration 740 / LogL: -4685.586 / Time: 0h:17m:58s (0h:1m:27s left)
Iteration 750 / LogL: -4689.423 / Time: 0h:18m:15s (0h:1m:13s left)
Log-likelihood cutoff on original alignment: -4739.642
Iteration 760 / LogL: -4694.696 / Time: 0h:18m:35s (0h:0m:58s left)
Iteration 770 / LogL: -4686.009 / Time: 0h:18m:50s (0h:0m:44s left)
Iteration 780 / LogL: -4693.807 / Time: 0h:19m:5s (0h:0m:29s left)
Iteration 790 / LogL: -4703.947 / Time: 0h:19m:20s (0h:0m:14s left)
Estimate model parameters (epsilon = 0.100)
BETTER TREE FOUND at iteration 795: -4684.244
Iteration 800 / LogL: -4685.367 / Time: 0h:19m:35s (0h:2m:19s left)
Log-likelihood cutoff on original alignment: -4739.642
NOTE: Bootstrap correlation coefficient of split occurrence frequencies: 0.988
NOTE: UFBoot does not converge, continue at least 100 more iterations
Iteration 810 / LogL: -4690.097 / Time: 0h:19m:53s (0h:2m:12s left)
Iteration 820 / LogL: -4685.025 / Time: 0h:20m:7s (0h:1m:57s left)
Iteration 830 / LogL: -4704.499 / Time: 0h:20m:24s (0h:1m:43s left)
Iteration 840 / LogL: -4692.345 / Time: 0h:20m:39s (0h:1m:28s left)
Iteration 850 / LogL: -4685.139 / Time: 0h:20m:55s (0h:1m:13s left)
Log-likelihood cutoff on original alignment: -4739.642
Iteration 860 / LogL: -4688.154 / Time: 0h:21m:12s (0h:0m:59s left)
Iteration 870 / LogL: -4693.378 / Time: 0h:21m:28s (0h:0m:44s left)
Iteration 880 / LogL: -4684.259 / Time: 0h:21m:45s (0h:0m:29s left)
Iteration 890 / LogL: -4686.574 / Time: 0h:22m:1s (0h:0m:14s left)
Iteration 900 / LogL: -4684.425 / Time: 0h:22m:18s (0h:0m:0s left)
Log-likelihood cutoff on original alignment: -4739.642
NOTE: Bootstrap correlation coefficient of split occurrence frequencies: 0.985
NOTE: UFBoot does not converge, continue at least 100 more iterations
BETTER TREE FOUND at iteration 906: -4684.242
Iteration 910 / LogL: -4690.328 / Time: 0h:22m:36s (0h:2m:23s left)
Iteration 920 / LogL: -4686.321 / Time: 0h:22m:55s (0h:2m:8s left)
Iteration 930 / LogL: -4684.488 / Time: 0h:23m:11s (0h:1m:53s left)
Iteration 940 / LogL: -4687.991 / Time: 0h:23m:27s (0h:1m:38s left)
Iteration 950 / LogL: -4695.188 / Time: 0h:23m:47s (0h:1m:24s left)
Log-likelihood cutoff on original alignment: -4739.642
BETTER TREE FOUND at iteration 954: -4684.241
Iteration 960 / LogL: -4688.568 / Time: 0h:24m:7s (0h:2m:21s left)
Estimate model parameters (epsilon = 0.100)
BETTER TREE FOUND at iteration 962: -4684.188
Iteration 970 / LogL: -4691.217 / Time: 0h:24m:26s (0h:2m:19s left)
BETTER TREE FOUND at iteration 975: -4684.187
Iteration 980 / LogL: -4684.466 / Time: 0h:24m:43s (0h:2m:23s left)
Iteration 990 / LogL: -4684.486 / Time: 0h:24m:58s (0h:2m:8s left)
Iteration 1000 / LogL: -4689.116 / Time: 0h:25m:14s (0h:1m:53s left)
Log-likelihood cutoff on original alignment: -4739.642
NOTE: Bootstrap correlation coefficient of split occurrence frequencies: 0.984
NOTE: UFBoot does not converge, continue at least 100 more iterations
WARNING: bootstrap analysis did not converge. You should rerun with higher number of iterations (-nm option)
TREE SEARCH COMPLETED AFTER 1001 ITERATIONS / Time: 0h:25m:18s

--------------------------------------------------------------------
|                    FINALIZING TREE SEARCH                        |
--------------------------------------------------------------------
Performs final model parameters optimization
Estimate model parameters (epsilon = 0.010)
1. Initial log-likelihood: -4684.187
Optimal log-likelihood: -4684.187
Rate parameters:  A-C: 1.98195  A-G: 9.20862  A-T: 0.87769  C-G: 1.32780  C-T: 16.59335  G-T: 1.00000
Base frequencies:  A: 0.297  C: 0.205  G: 0.237  T: 0.261
Gamma shape alpha: 0.260
Parameters optimization took 1 rounds (0.052 sec)
BEST SCORE FOUND : -4684.187

Testing tree branches by SH-like aLRT with 1000 replicates...
2.551 sec.
Creating bootstrap support values...
Split supports printed to NEXUS file AM5_nucloeprotein_aln.fa.splits.nex
Total tree length: 1.514

Total number of iterations: 1001
CPU time used for tree search: 2706.926 sec (0h:45m:6s)
Wall-clock time used for tree search: 1517.639 sec (0h:25m:17s)
Total CPU time used: 2715.495 sec (0h:45m:15s)
Total wall-clock time used: 1522.736 sec (0h:25m:22s)

Computing bootstrap consensus tree...
Reading input file AM5_nucloeprotein_aln.fa.splits.nex...
220 taxa and 7253 splits.
Consensus tree written to AM5_nucloeprotein_aln.fa.contree
Reading input trees file AM5_nucloeprotein_aln.fa.contree
Log-likelihood of consensus tree: -4685.524

Analysis results written to: 
  IQ-TREE report:                AM5_nucloeprotein_aln.fa.iqtree
  Maximum-likelihood tree:       AM5_nucloeprotein_aln.fa.treefile
  Likelihood distances:          AM5_nucloeprotein_aln.fa.mldist

Ultrafast bootstrap approximation results written to:
  Split support values:          AM5_nucloeprotein_aln.fa.splits.nex
  Consensus tree:                AM5_nucloeprotein_aln.fa.contree
  Screen log file:               AM5_nucloeprotein_aln.fa.log

Date and Time: Sat Apr 25 00:08:26 2026
